{
  "filters_used": [
    {
      "path": "detect_secrets.filters.allowlist.is_line_allowlisted"
    },
    {
      "min_level": 2,
      "path": "detect_secrets.filters.common.is_ignored_due_to_verification_policies"
    },
    {
      "path": "detect_secrets.filters.heuristic.is_indirect_reference"
    },
    {
      "path": "detect_secrets.filters.heuristic.is_likely_id_string"
    },
    {
      "path": "detect_secrets.filters.heuristic.is_lock_file"
    },
    {
      "path": "detect_secrets.filters.heuristic.is_not_alphanumeric_string"
    },
    {
      "path": "detect_secrets.filters.heuristic.is_potential_uuid"
    },
    {
      "path": "detect_secrets.filters.heuristic.is_prefixed_with_dollar_sign"
    },
    {
      "path": "detect_secrets.filters.heuristic.is_sequential_string"
    },
    {
      "path": "detect_secrets.filters.heuristic.is_swagger_file"
    },
    {
      "path": "detect_secrets.filters.heuristic.is_templated_secret"
    }
  ],
  "generated_at": "2026-09-08T05:02:29Z",
  "plugins_used": [
    {
      "name": "ArtifactoryDetector"
    },
    {
      "name": "AWSKeyDetector"
    },
    {
      "name": "AzureStorageKeyDetector"
    },
    {
      "limit": 4.5,
      "name": "Base64HighEntropyString"
    },
    {
      "name": "BasicAuthDetector"
    },
    {
      "name": "CloudantDetector"
    },
    {
      "name": "DiscordBotTokenDetector"
    },
    {
      "name": "GitHubTokenDetector"
    },
    {
      "name": "GitLabTokenDetector"
    },
    {
      "limit": 3.0,
      "name": "HexHighEntropyString"
    },
    {
      "name": "IbmCloudIamDetector"
    },
    {
      "name": "IbmCosHmacDetector"
    },
    {
      "name": "IPPublicDetector"
    },
    {
      "name": "JwtTokenDetector"
    },
    {
      "keyword_exclude": "",
      "name": "KeywordDetector"
    },
    {
      "name": "MailchimpDetector"
    },
    {
      "name": "NpmDetector"
    },
    {
      "name": "OpenAIDetector"
    },
    {
      "name": "PrivateKeyDetector"
    },
    {
      "name": "PypiTokenDetector"
    },
    {
      "name": "SendGridDetector"
    },
    {
      "name": "SlackDetector"
    },
    {
      "name": "SoftlayerDetector"
    },
    {
      "name": "SquareOAuthDetector"
    },
    {
      "name": "StripeDetector"
    },
    {
      "name": "TelegramBotTokenDetector"
    },
    {
      "name": "TwilioKeyDetector"
    }
  ],
  "results": {
    "apps/specimen_digitization/test/fixtures/backend-codec-wire-examples.json": [
      {
        "filename": "apps/specimen_digitization/test/fixtures/backend-codec-wire-examples.json",
        "hashed_secret": "9c91663d8e6b7025b96ea83a3939617c88531d0a",
        "is_secret": false,
        "is_verified": false,
        "line_number": 9,
        "type": "Hex High Entropy String"
      },
      {
        "filename": "apps/specimen_digitization/test/fixtures/backend-codec-wire-examples.json",
        "hashed_secret": "133d4f2eeaad626d8ded7c2aa93489890c4e0cca",
        "is_secret": false,
        "is_verified": false,
        "line_number": 51,
        "type": "Hex High Entropy String"
      }
    ],
    "apps/specimen_digitization/test/fixtures/backend-next-wire-examples.json": [
      {
        "filename": "apps/specimen_digitization/test/fixtures/backend-next-wire-examples.json",
        "hashed_secret": "6f7dcb1b9b46dac6f540f3e870952028f0d1dabc",
        "is_secret": false,
        "is_verified": false,
        "line_number": 129,
        "type": "Hex High Entropy String"
      },
      {
        "filename": "apps/specimen_digitization/test/fixtures/backend-next-wire-examples.json",
        "hashed_secret": "14a25b26a257bcd3990df522b312ec7960087013",
        "is_secret": false,
        "is_verified": false,
        "line_number": 228,
        "type": "Hex High Entropy String"
      },
      {
        "filename": "apps/specimen_digitization/test/fixtures/backend-next-wire-examples.json",
        "hashed_secret": "b7e0b4dd2eee80071c7b3608ad521259a672c838",
        "is_secret": false,
        "is_verified": false,
        "line_number": 240,
        "type": "Hex High Entropy String"
      },
      {
        "filename": "apps/specimen_digitization/test/fixtures/backend-next-wire-examples.json",
        "hashed_secret": "b3cd5ad219170a0c85265c8e323dc22b2abd4281",
        "is_secret": false,
        "is_verified": false,
        "line_number": 317,
        "type": "Hex High Entropy String"
      },
      {
        "filename": "apps/specimen_digitization/test/fixtures/backend-next-wire-examples.json",
        "hashed_secret": "b009890e1a3e978bb433096448c3923b76c020d4",
        "is_secret": false,
        "is_verified": false,
        "line_number": 318,
        "type": "Hex High Entropy String"
      },
      {
        "filename": "apps/specimen_digitization/test/fixtures/backend-next-wire-examples.json",
        "hashed_secret": "614d25d486d402980a4c417052e4482c9e7bc9d8",
        "is_secret": false,
        "is_verified": false,
        "line_number": 319,
        "type": "Hex High Entropy String"
      },
      {
        "filename": "apps/specimen_digitization/test/fixtures/backend-next-wire-examples.json",
        "hashed_secret": "249bc52236dddb79ab10139299b562818df1c0f9",
        "is_secret": false,
        "is_verified": false,
        "line_number": 328,
        "type": "Hex High Entropy String"
      },
      {
        "filename": "apps/specimen_digitization/test/fixtures/backend-next-wire-examples.json",
        "hashed_secret": "40893becc44d084c2357cd95b7ccd8328c095cfb",
        "is_secret": false,
        "is_verified": false,
        "line_number": 329,
        "type": "Hex High Entropy String"
      },
      {
        "filename": "apps/specimen_digitization/test/fixtures/backend-next-wire-examples.json",
        "hashed_secret": "d16520cdb12e6837ed03bffc50e445405a17937f",
        "is_secret": false,
        "is_verified": false,
        "line_number": 330,
        "type": "Hex High Entropy String"
      },
      {
        "filename": "apps/specimen_digitization/test/fixtures/backend-next-wire-examples.json",
        "hashed_secret": "384de747144039dbb6186d0cc65683998b2c9317",
        "is_secret": false,
        "is_verified": false,
        "line_number": 339,
        "type": "Hex High Entropy String"
      },
      {
        "filename": "apps/specimen_digitization/test/fixtures/backend-next-wire-examples.json",
        "hashed_secret": "5d47c1fb81c3b083a5af2822ab635c894c5ff8c6",
        "is_secret": false,
        "is_verified": false,
        "line_number": 340,
        "type": "Hex High Entropy String"
      },
      {
        "filename": "apps/specimen_digitization/test/fixtures/backend-next-wire-examples.json",
        "hashed_secret": "1cda1bedcc2dc5a98ee85d0d0a9d04f17bd31446",
        "is_secret": false,
        "is_verified": false,
        "line_number": 341,
        "type": "Hex High Entropy String"
      },
      {
        "filename": "apps/specimen_digitization/test/fixtures/backend-next-wire-examples.json",
        "hashed_secret": "6bdf198cb88122da239cb30ed20ae87ccc038bf4",
        "is_secret": false,
        "is_verified": false,
        "line_number": 359,
        "type": "Hex High Entropy String"
      },
      {
        "filename": "apps/specimen_digitization/test/fixtures/backend-next-wire-examples.json",
        "hashed_secret": "7f0db44ca18db7861afa4030fa6eb7fdac943f3f",
        "is_secret": false,
        "is_verified": false,
        "line_number": 360,
        "type": "Hex High Entropy String"
      },
      {
        "filename": "apps/specimen_digitization/test/fixtures/backend-next-wire-examples.json",
        "hashed_secret": "100cdfbe64ea40bc92156ff960ecf22eb9689cf3",
        "is_secret": false,
        "is_verified": false,
        "line_number": 361,
        "type": "Hex High Entropy String"
      },
      {
        "filename": "apps/specimen_digitization/test/fixtures/backend-next-wire-examples.json",
        "hashed_secret": "0cf5680dde9f2894e01a7ae76d072129d41b02b0",
        "is_secret": false,
        "is_verified": false,
        "line_number": 370,
        "type": "Hex High Entropy String"
      },
      {
        "filename": "apps/specimen_digitization/test/fixtures/backend-next-wire-examples.json",
        "hashed_secret": "10303bb85c80fb4883ab3f55780bf3c6dbf7ed3b",
        "is_secret": false,
        "is_verified": false,
        "line_number": 371,
        "type": "Hex High Entropy String"
      },
      {
        "filename": "apps/specimen_digitization/test/fixtures/backend-next-wire-examples.json",
        "hashed_secret": "7fe876613bfd81d3794d9117ca3b405f4d49ef08",
        "is_secret": false,
        "is_verified": false,
        "line_number": 372,
        "type": "Hex High Entropy String"
      },
      {
        "filename": "apps/specimen_digitization/test/fixtures/backend-next-wire-examples.json",
        "hashed_secret": "304586c9345ba16ed6e32cbbd148ea0c16ccb973",
        "is_secret": false,
        "is_verified": false,
        "line_number": 396,
        "type": "Hex High Entropy String"
      },
      {
        "filename": "apps/specimen_digitization/test/fixtures/backend-next-wire-examples.json",
        "hashed_secret": "e9fc5d7bb28b11e19c7ef3f136f57cbf2ddadd2c",
        "is_secret": false,
        "is_verified": false,
        "line_number": 397,
        "type": "Hex High Entropy String"
      },
      {
        "filename": "apps/specimen_digitization/test/fixtures/backend-next-wire-examples.json",
        "hashed_secret": "62e89b05f051bc05f494a0d1f4c0ac9374c59e32",
        "is_secret": false,
        "is_verified": false,
        "line_number": 398,
        "type": "Hex High Entropy String"
      },
      {
        "filename": "apps/specimen_digitization/test/fixtures/backend-next-wire-examples.json",
        "hashed_secret": "8e8b71996eb0c6c51eb6ee7acceaf820b93d1d2d",
        "is_secret": false,
        "is_verified": false,
        "line_number": 422,
        "type": "Hex High Entropy String"
      },
      {
        "filename": "apps/specimen_digitization/test/fixtures/backend-next-wire-examples.json",
        "hashed_secret": "c50eb28008fab012b9947c3a2754a96e54980b22",
        "is_secret": false,
        "is_verified": false,
        "line_number": 423,
        "type": "Hex High Entropy String"
      },
      {
        "filename": "apps/specimen_digitization/test/fixtures/backend-next-wire-examples.json",
        "hashed_secret": "7e5695790a445c8395986c11fbbf270acb31ee4b",
        "is_secret": false,
        "is_verified": false,
        "line_number": 424,
        "type": "Hex High Entropy String"
      },
      {
        "filename": "apps/specimen_digitization/test/fixtures/backend-next-wire-examples.json",
        "hashed_secret": "0329a7e3e30423214c93498991e5ea2c3d92559d",
        "is_secret": false,
        "is_verified": false,
        "line_number": 430,
        "type": "Hex High Entropy String"
      },
      {
        "filename": "apps/specimen_digitization/test/fixtures/backend-next-wire-examples.json",
        "hashed_secret": "f2e4b5f7f5d9797c606de9ba944750ccf94ca92a",
        "is_secret": false,
        "is_verified": false,
        "line_number": 441,
        "type": "Hex High Entropy String"
      },
      {
        "filename": "apps/specimen_digitization/test/fixtures/backend-next-wire-examples.json",
        "hashed_secret": "20769d8c65ab1d83ca2b7f7fb964729da5f15a07",
        "is_secret": false,
        "is_verified": false,
        "line_number": 455,
        "type": "Hex High Entropy String"
      },
      {
        "filename": "apps/specimen_digitization/test/fixtures/backend-next-wire-examples.json",
        "hashed_secret": "f01f5dcffaefa3f0f108adf0ee63099a80400a5a",
        "is_secret": false,
        "is_verified": false,
        "line_number": 508,
        "type": "Hex High Entropy String"
      },
      {
        "filename": "apps/specimen_digitization/test/fixtures/backend-next-wire-examples.json",
        "hashed_secret": "6a2171d91dfc3160610fec5f94ba54e5d8b24074",
        "is_secret": false,
        "is_verified": false,
        "line_number": 533,
        "type": "Hex High Entropy String"
      },
      {
        "filename": "apps/specimen_digitization/test/fixtures/backend-next-wire-examples.json",
        "hashed_secret": "3dc48d712d8e8e621102333bf8ea537344fa67a8",
        "is_secret": false,
        "is_verified": false,
        "line_number": 619,
        "type": "Hex High Entropy String"
      },
      {
        "filename": "apps/specimen_digitization/test/fixtures/backend-next-wire-examples.json",
        "hashed_secret": "47d6a3e1c78597e61ceec425ddd034b9adbc31a6",
        "is_secret": false,
        "is_verified": false,
        "line_number": 620,
        "type": "Hex High Entropy String"
      },
      {
        "filename": "apps/specimen_digitization/test/fixtures/backend-next-wire-examples.json",
        "hashed_secret": "71c9f7ce47d2f72252ee65d656f0174f0e8611f6",
        "is_secret": false,
        "is_verified": false,
        "line_number": 624,
        "type": "Hex High Entropy String"
      },
      {
        "filename": "apps/specimen_digitization/test/fixtures/backend-next-wire-examples.json",
        "hashed_secret": "84e31796c6bc539817d49b39b57c0740be5b4a9f",
        "is_secret": false,
        "is_verified": false,
        "line_number": 720,
        "type": "Hex High Entropy String"
      },
      {
        "filename": "apps/specimen_digitization/test/fixtures/backend-next-wire-examples.json",
        "hashed_secret": "67c7b1031d13b7f0ce470f3eab78273703a79d3b",
        "is_secret": false,
        "is_verified": false,
        "line_number": 1091,
        "type": "Hex High Entropy String"
      },
      {
        "filename": "apps/specimen_digitization/test/fixtures/backend-next-wire-examples.json",
        "hashed_secret": "fd3e5fc163893c92a90082bbce262dd92162a964",
        "is_secret": false,
        "is_verified": false,
        "line_number": 2612,
        "type": "Hex High Entropy String"
      },
      {
        "filename": "apps/specimen_digitization/test/fixtures/backend-next-wire-examples.json",
        "hashed_secret": "b9d42c4be4e490bfe625b9d4fc6820dcbccd9be1",
        "is_secret": false,
        "is_verified": false,
        "line_number": 2645,
        "type": "Hex High Entropy String"
      },
      {
        "filename": "apps/specimen_digitization/test/fixtures/backend-next-wire-examples.json",
        "hashed_secret": "d0483bf42d50c594c7dd472a5bf2d142c7ad9d7b",
        "is_secret": false,
        "is_verified": false,
        "line_number": 2669,
        "type": "Hex High Entropy String"
      },
      {
        "filename": "apps/specimen_digitization/test/fixtures/backend-next-wire-examples.json",
        "hashed_secret": "e7c69c5783eb29b85b2139e90adbe5efd7598066",
        "is_secret": false,
        "is_verified": false,
        "line_number": 2735,
        "type": "Hex High Entropy String"
      },
      {
        "filename": "apps/specimen_digitization/test/fixtures/backend-next-wire-examples.json",
        "hashed_secret": "be5ae1940ba4818c53e2b7229150694224749e2d",
        "is_secret": false,
        "is_verified": false,
        "line_number": 2756,
        "type": "Hex High Entropy String"
      },
      {
        "filename": "apps/specimen_digitization/test/fixtures/backend-next-wire-examples.json",
        "hashed_secret": "45af41949dc354860e58b4b4404e608f503e655f",
        "is_secret": false,
        "is_verified": false,
        "line_number": 3033,
        "type": "Hex High Entropy String"
      },
      {
        "filename": "apps/specimen_digitization/test/fixtures/backend-next-wire-examples.json",
        "hashed_secret": "24495af02a3840092819597965941952ebfca0b8",
        "is_secret": false,
        "is_verified": false,
        "line_number": 3034,
        "type": "Hex High Entropy String"
      },
      {
        "filename": "apps/specimen_digitization/test/fixtures/backend-next-wire-examples.json",
        "hashed_secret": "81bd8ac18ca500f2b0d204afe987bc69fccaade4",
        "is_secret": false,
        "is_verified": false,
        "line_number": 3035,
        "type": "Hex High Entropy String"
      },
      {
        "filename": "apps/specimen_digitization/test/fixtures/backend-next-wire-examples.json",
        "hashed_secret": "4ef945f1a37649bc6d11eeb0ef1232d8b80843e1",
        "is_secret": false,
        "is_verified": false,
        "line_number": 3044,
        "type": "Hex High Entropy String"
      },
      {
        "filename": "apps/specimen_digitization/test/fixtures/backend-next-wire-examples.json",
        "hashed_secret": "06c098d4165314740a345fe3c6f8469cd959c081",
        "is_secret": false,
        "is_verified": false,
        "line_number": 3045,
        "type": "Hex High Entropy String"
      },
      {
        "filename": "apps/specimen_digitization/test/fixtures/backend-next-wire-examples.json",
        "hashed_secret": "4e79a8dff56236a1549c892541ae4cf6d40c80b5",
        "is_secret": false,
        "is_verified": false,
        "line_number": 3046,
        "type": "Hex High Entropy String"
      },
      {
        "filename": "apps/specimen_digitization/test/fixtures/backend-next-wire-examples.json",
        "hashed_secret": "a2835817a862ef1c97c8261399279c8d08d8279e",
        "is_secret": false,
        "is_verified": false,
        "line_number": 3055,
        "type": "Hex High Entropy String"
      },
      {
        "filename": "apps/specimen_digitization/test/fixtures/backend-next-wire-examples.json",
        "hashed_secret": "fb349205b7ed584ffd9502dceff935d307a8187d",
        "is_secret": false,
        "is_verified": false,
        "line_number": 3056,
        "type": "Hex High Entropy String"
      },
      {
        "filename": "apps/specimen_digitization/test/fixtures/backend-next-wire-examples.json",
        "hashed_secret": "9ad258f3dd8524554c95dbd5d80f3f3e180e595d",
        "is_secret": false,
        "is_verified": false,
        "line_number": 3057,
        "type": "Hex High Entropy String"
      },
      {
        "filename": "apps/specimen_digitization/test/fixtures/backend-next-wire-examples.json",
        "hashed_secret": "2fd7bf213ae8ff766d44a4398117c4510f229af2",
        "is_secret": false,
        "is_verified": false,
        "line_number": 3066,
        "type": "Hex High Entropy String"
      },
      {
        "filename": "apps/specimen_digitization/test/fixtures/backend-next-wire-examples.json",
        "hashed_secret": "af3865baf28b6ca661399c58f6803f76a5b8fa21",
        "is_secret": false,
        "is_verified": false,
        "line_number": 3067,
        "type": "Hex High Entropy String"
      },
      {
        "filename": "apps/specimen_digitization/test/fixtures/backend-next-wire-examples.json",
        "hashed_secret": "56c6c5c188d0928949eac330a018ba3866285ca9",
        "is_secret": false,
        "is_verified": false,
        "line_number": 3068,
        "type": "Hex High Entropy String"
      },
      {
        "filename": "apps/specimen_digitization/test/fixtures/backend-next-wire-examples.json",
        "hashed_secret": "3607e8be4646aef3389d85262e93a751854f5f9f",
        "is_secret": false,
        "is_verified": false,
        "line_number": 3077,
        "type": "Hex High Entropy String"
      },
      {
        "filename": "apps/specimen_digitization/test/fixtures/backend-next-wire-examples.json",
        "hashed_secret": "47fdfe5fa20ba31241e14114eba51b515ce1b1a3",
        "is_secret": false,
        "is_verified": false,
        "line_number": 3078,
        "type": "Hex High Entropy String"
      },
      {
        "filename": "apps/specimen_digitization/test/fixtures/backend-next-wire-examples.json",
        "hashed_secret": "c3e6f32866923cdf74da139e11e44d91b6814dd1",
        "is_secret": false,
        "is_verified": false,
        "line_number": 3079,
        "type": "Hex High Entropy String"
      },
      {
        "filename": "apps/specimen_digitization/test/fixtures/backend-next-wire-examples.json",
        "hashed_secret": "a9ca5a73f2d4e825b6c0000e1a6390ada23722cc",
        "is_secret": false,
        "is_verified": false,
        "line_number": 3088,
        "type": "Hex High Entropy String"
      },
      {
        "filename": "apps/specimen_digitization/test/fixtures/backend-next-wire-examples.json",
        "hashed_secret": "ee52805a63d29280149129ae1d4cee39286221d7",
        "is_secret": false,
        "is_verified": false,
        "line_number": 3089,
        "type": "Hex High Entropy String"
      },
      {
        "filename": "apps/specimen_digitization/test/fixtures/backend-next-wire-examples.json",
        "hashed_secret": "13648de84e3a01035fc75ab75746c7e865a98308",
        "is_secret": false,
        "is_verified": false,
        "line_number": 3090,
        "type": "Hex High Entropy String"
      },
      {
        "filename": "apps/specimen_digitization/test/fixtures/backend-next-wire-examples.json",
        "hashed_secret": "316e561e75bf970ba6da9f80bc9d754ac9a488a6",
        "is_secret": false,
        "is_verified": false,
        "line_number": 3099,
        "type": "Hex High Entropy String"
      },
      {
        "filename": "apps/specimen_digitization/test/fixtures/backend-next-wire-examples.json",
        "hashed_secret": "ee816001f8fc838400c5f42042e93aba05b511f0",
        "is_secret": false,
        "is_verified": false,
        "line_number": 3100,
        "type": "Hex High Entropy String"
      },
      {
        "filename": "apps/specimen_digitization/test/fixtures/backend-next-wire-examples.json",
        "hashed_secret": "13b1072bec466fd2bda6a67a086aef55f06b1c20",
        "is_secret": false,
        "is_verified": false,
        "line_number": 3101,
        "type": "Hex High Entropy String"
      },
      {
        "filename": "apps/specimen_digitization/test/fixtures/backend-next-wire-examples.json",
        "hashed_secret": "3f487b51c61a0dd9a1e6be12832f800fb1f1b08f",
        "is_secret": false,
        "is_verified": false,
        "line_number": 3150,
        "type": "Hex High Entropy String"
      },
      {
        "filename": "apps/specimen_digitization/test/fixtures/backend-next-wire-examples.json",
        "hashed_secret": "629a1fb622833c44ae49bf8131ed2703b46a0175",
        "is_secret": false,
        "is_verified": false,
        "line_number": 4785,
        "type": "Hex High Entropy String"
      },
      {
        "filename": "apps/specimen_digitization/test/fixtures/backend-next-wire-examples.json",
        "hashed_secret": "2c25cf66108c8211ed61cd900d2802802cf19e45",
        "is_secret": false,
        "is_verified": false,
        "line_number": 7037,
        "type": "Hex High Entropy String"
      },
      {
        "filename": "apps/specimen_digitization/test/fixtures/backend-next-wire-examples.json",
        "hashed_secret": "b5b2dfb86bb895c2f68fba9eb1202bca45cf225c",
        "is_secret": false,
        "is_verified": false,
        "line_number": 7506,
        "type": "Hex High Entropy String"
      },
      {
        "filename": "apps/specimen_digitization/test/fixtures/backend-next-wire-examples.json",
        "hashed_secret": "ad9bb49b9fed1cd222bc55faf241a29f08c663bd",
        "is_secret": false,
        "is_verified": false,
        "line_number": 7516,
        "type": "Hex High Entropy String"
      },
      {
        "filename": "apps/specimen_digitization/test/fixtures/backend-next-wire-examples.json",
        "hashed_secret": "9dca42fbdddca69f99739412b33431a937f1d886",
        "is_secret": false,
        "is_verified": false,
        "line_number": 7566,
        "type": "Hex High Entropy String"
      }
    ],
    "apps/specimen_digitization/test/fixtures/backend-wire-examples.json": [
      {
        "filename": "apps/specimen_digitization/test/fixtures/backend-wire-examples.json",
        "hashed_secret": "53a8bef7a937cd58fda091209828736fbcbe53db",
        "is_secret": false,
        "is_verified": false,
        "line_number": 23,
        "type": "Hex High Entropy String"
      },
      {
        "filename": "apps/specimen_digitization/test/fixtures/backend-wire-examples.json",
        "hashed_secret": "d42081658b4f80957d9839304377ae6c6fe9b79d",
        "is_secret": false,
        "is_verified": false,
        "line_number": 33,
        "type": "Hex High Entropy String"
      },
      {
        "filename": "apps/specimen_digitization/test/fixtures/backend-wire-examples.json",
        "hashed_secret": "04186bc9dec22daf9bd93a3b90fc7122f205186e",
        "is_secret": false,
        "is_verified": false,
        "line_number": 51,
        "type": "Hex High Entropy String"
      },
      {
        "filename": "apps/specimen_digitization/test/fixtures/backend-wire-examples.json",
        "hashed_secret": "9041cfb5f7a76627a52b9409966643be3a94f625",
        "is_secret": false,
        "is_verified": false,
        "line_number": 76,
        "type": "Hex High Entropy String"
      },
      {
        "filename": "apps/specimen_digitization/test/fixtures/backend-wire-examples.json",
        "hashed_secret": "c995f688c19eceb5b1a2515ad24d27643b68f62a",
        "is_secret": false,
        "is_verified": false,
        "line_number": 82,
        "type": "Hex High Entropy String"
      },
      {
        "filename": "apps/specimen_digitization/test/fixtures/backend-wire-examples.json",
        "hashed_secret": "0179c6f7bda4c091686442fa480ad234ff9dc978",
        "is_secret": false,
        "is_verified": false,
        "line_number": 88,
        "type": "Hex High Entropy String"
      },
      {
        "filename": "apps/specimen_digitization/test/fixtures/backend-wire-examples.json",
        "hashed_secret": "08289cfddd56359f4f16d643534e8ec301e74fca",
        "is_secret": false,
        "is_verified": false,
        "line_number": 94,
        "type": "Hex High Entropy String"
      },
      {
        "filename": "apps/specimen_digitization/test/fixtures/backend-wire-examples.json",
        "hashed_secret": "71c80df4ddb7181e61247ce04a5ac118cc53b53b",
        "is_secret": false,
        "is_verified": false,
        "line_number": 100,
        "type": "Hex High Entropy String"
      },
      {
        "filename": "apps/specimen_digitization/test/fixtures/backend-wire-examples.json",
        "hashed_secret": "8d83e572be4735775279619adb4f21acd9db1cf8",
        "is_secret": false,
        "is_verified": false,
        "line_number": 106,
        "type": "Hex High Entropy String"
      },
      {
        "filename": "apps/specimen_digitization/test/fixtures/backend-wire-examples.json",
        "hashed_secret": "b142e9e501aca9dce41c5a76b59e9b6324f83e1b",
        "is_secret": false,
        "is_verified": false,
        "line_number": 112,
        "type": "Hex High Entropy String"
      },
      {
        "filename": "apps/specimen_digitization/test/fixtures/backend-wire-examples.json",
        "hashed_secret": "44bce8f641ed915c873f67ced5c4f4870d69ae85",
        "is_secret": false,
        "is_verified": false,
        "line_number": 118,
        "type": "Hex High Entropy String"
      },
      {
        "filename": "apps/specimen_digitization/test/fixtures/backend-wire-examples.json",
        "hashed_secret": "102e31239125d933b54f39dfaf87942810a59644",
        "is_secret": false,
        "is_verified": false,
        "line_number": 124,
        "type": "Hex High Entropy String"
      },
      {
        "filename": "apps/specimen_digitization/test/fixtures/backend-wire-examples.json",
        "hashed_secret": "9cda389d2901eb760c32a96eae36dca14302aa14",
        "is_secret": false,
        "is_verified": false,
        "line_number": 130,
        "type": "Hex High Entropy String"
      },
      {
        "filename": "apps/specimen_digitization/test/fixtures/backend-wire-examples.json",
        "hashed_secret": "d60dc2e46eb49dac7c552c4446e0b9030df36366",
        "is_secret": false,
        "is_verified": false,
        "line_number": 136,
        "type": "Hex High Entropy String"
      },
      {
        "filename": "apps/specimen_digitization/test/fixtures/backend-wire-examples.json",
        "hashed_secret": "629db12a86438e6dc5758928bdbd693226c5127d",
        "is_secret": false,
        "is_verified": false,
        "line_number": 142,
        "type": "Hex High Entropy String"
      },
      {
        "filename": "apps/specimen_digitization/test/fixtures/backend-wire-examples.json",
        "hashed_secret": "20a5601ec404542c19ffc21733f0a166beeb48d3",
        "is_secret": false,
        "is_verified": false,
        "line_number": 148,
        "type": "Hex High Entropy String"
      },
      {
        "filename": "apps/specimen_digitization/test/fixtures/backend-wire-examples.json",
        "hashed_secret": "7a47720a32fca24e4885db23de3cf8dac937554a",
        "is_secret": false,
        "is_verified": false,
        "line_number": 154,
        "type": "Hex High Entropy String"
      },
      {
        "filename": "apps/specimen_digitization/test/fixtures/backend-wire-examples.json",
        "hashed_secret": "81bdf5805e17d88b741874362cd06499500b68be",
        "is_secret": false,
        "is_verified": false,
        "line_number": 160,
        "type": "Hex High Entropy String"
      },
      {
        "filename": "apps/specimen_digitization/test/fixtures/backend-wire-examples.json",
        "hashed_secret": "df11fd09e1fc1e4e422ea5f74f195b3011cf8508",
        "is_secret": false,
        "is_verified": false,
        "line_number": 166,
        "type": "Hex High Entropy String"
      },
      {
        "filename": "apps/specimen_digitization/test/fixtures/backend-wire-examples.json",
        "hashed_secret": "d0ec6ff2260944e24d8f33e7bab3e1b49f1bd1df",
        "is_secret": false,
        "is_verified": false,
        "line_number": 172,
        "type": "Hex High Entropy String"
      },
      {
        "filename": "apps/specimen_digitization/test/fixtures/backend-wire-examples.json",
        "hashed_secret": "b3caf1294b9ab554d613f623ff6d522f885f139d",
        "is_secret": false,
        "is_verified": false,
        "line_number": 178,
        "type": "Hex High Entropy String"
      },
      {
        "filename": "apps/specimen_digitization/test/fixtures/backend-wire-examples.json",
        "hashed_secret": "22b0a96e9bb70aa4e0d14e602c215d08349f9acc",
        "is_secret": false,
        "is_verified": false,
        "line_number": 184,
        "type": "Hex High Entropy String"
      },
      {
        "filename": "apps/specimen_digitization/test/fixtures/backend-wire-examples.json",
        "hashed_secret": "ad453ec2371583c87020739cd03ebdb30b82fe98",
        "is_secret": false,
        "is_verified": false,
        "line_number": 190,
        "type": "Hex High Entropy String"
      },
      {
        "filename": "apps/specimen_digitization/test/fixtures/backend-wire-examples.json",
        "hashed_secret": "cbd0dd275964559204b5bd61598868737bc7299a",
        "is_secret": false,
        "is_verified": false,
        "line_number": 196,
        "type": "Hex High Entropy String"
      },
      {
        "filename": "apps/specimen_digitization/test/fixtures/backend-wire-examples.json",
        "hashed_secret": "57a8499b28c1f20d21109c0f1914a9b669b0d531",
        "is_secret": false,
        "is_verified": false,
        "line_number": 202,
        "type": "Hex High Entropy String"
      },
      {
        "filename": "apps/specimen_digitization/test/fixtures/backend-wire-examples.json",
        "hashed_secret": "605f8461aca3f0d9273ce120a65679a9f81364e8",
        "is_secret": false,
        "is_verified": false,
        "line_number": 208,
        "type": "Hex High Entropy String"
      },
      {
        "filename": "apps/specimen_digitization/test/fixtures/backend-wire-examples.json",
        "hashed_secret": "fbd401168bfdea2c4317b1a6460ae18d13242dde",
        "is_secret": false,
        "is_verified": false,
        "line_number": 214,
        "type": "Hex High Entropy String"
      },
      {
        "filename": "apps/specimen_digitization/test/fixtures/backend-wire-examples.json",
        "hashed_secret": "57c250e6d2cd8acb97ca5c4686e4315fd1ecb695",
        "is_secret": false,
        "is_verified": false,
        "line_number": 220,
        "type": "Hex High Entropy String"
      },
      {
        "filename": "apps/specimen_digitization/test/fixtures/backend-wire-examples.json",
        "hashed_secret": "a67bbd556e9e34a7f0be20f469f6c33eb6447437",
        "is_secret": false,
        "is_verified": false,
        "line_number": 226,
        "type": "Hex High Entropy String"
      },
      {
        "filename": "apps/specimen_digitization/test/fixtures/backend-wire-examples.json",
        "hashed_secret": "62f0cf50c076370353acf2c03136349e489833cc",
        "is_secret": false,
        "is_verified": false,
        "line_number": 232,
        "type": "Hex High Entropy String"
      },
      {
        "filename": "apps/specimen_digitization/test/fixtures/backend-wire-examples.json",
        "hashed_secret": "94db1f7fa9321444315be23b2d336b6842a654a3",
        "is_secret": false,
        "is_verified": false,
        "line_number": 238,
        "type": "Hex High Entropy String"
      },
      {
        "filename": "apps/specimen_digitization/test/fixtures/backend-wire-examples.json",
        "hashed_secret": "9f59d5f77dd84a02fdcb139e21782c803b28027b",
        "is_secret": false,
        "is_verified": false,
        "line_number": 392,
        "type": "Hex High Entropy String"
      },
      {
        "filename": "apps/specimen_digitization/test/fixtures/backend-wire-examples.json",
        "hashed_secret": "67c7b1031d13b7f0ce470f3eab78273703a79d3b",
        "is_secret": false,
        "is_verified": false,
        "line_number": 762,
        "type": "Hex High Entropy String"
      }
    ],
    "docs/execution/backend-codec-wire-examples.json": [
      {
        "filename": "docs/execution/backend-codec-wire-examples.json",
        "hashed_secret": "9c91663d8e6b7025b96ea83a3939617c88531d0a",
        "is_secret": false,
        "is_verified": false,
        "line_number": 9,
        "type": "Hex High Entropy String"
      },
      {
        "filename": "docs/execution/backend-codec-wire-examples.json",
        "hashed_secret": "133d4f2eeaad626d8ded7c2aa93489890c4e0cca",
        "is_secret": false,
        "is_verified": false,
        "line_number": 51,
        "type": "Hex High Entropy String"
      }
    ],
    "docs/execution/backend-next-wire-examples.json": [
      {
        "filename": "docs/execution/backend-next-wire-examples.json",
        "hashed_secret": "6f7dcb1b9b46dac6f540f3e870952028f0d1dabc",
        "is_secret": false,
        "is_verified": false,
        "line_number": 129,
        "type": "Hex High Entropy String"
      },
      {
        "filename": "docs/execution/backend-next-wire-examples.json",
        "hashed_secret": "14a25b26a257bcd3990df522b312ec7960087013",
        "is_secret": false,
        "is_verified": false,
        "line_number": 228,
        "type": "Hex High Entropy String"
      },
      {
        "filename": "docs/execution/backend-next-wire-examples.json",
        "hashed_secret": "b7e0b4dd2eee80071c7b3608ad521259a672c838",
        "is_secret": false,
        "is_verified": false,
        "line_number": 240,
        "type": "Hex High Entropy String"
      },
      {
        "filename": "docs/execution/backend-next-wire-examples.json",
        "hashed_secret": "b3cd5ad219170a0c85265c8e323dc22b2abd4281",
        "is_secret": false,
        "is_verified": false,
        "line_number": 317,
        "type": "Hex High Entropy String"
      },
      {
        "filename": "docs/execution/backend-next-wire-examples.json",
        "hashed_secret": "b009890e1a3e978bb433096448c3923b76c020d4",
        "is_secret": false,
        "is_verified": false,
        "line_number": 318,
        "type": "Hex High Entropy String"
      },
      {
        "filename": "docs/execution/backend-next-wire-examples.json",
        "hashed_secret": "614d25d486d402980a4c417052e4482c9e7bc9d8",
        "is_secret": false,
        "is_verified": false,
        "line_number": 319,
        "type": "Hex High Entropy String"
      },
      {
        "filename": "docs/execution/backend-next-wire-examples.json",
        "hashed_secret": "249bc52236dddb79ab10139299b562818df1c0f9",
        "is_secret": false,
        "is_verified": false,
        "line_number": 328,
        "type": "Hex High Entropy String"
      },
      {
        "filename": "docs/execution/backend-next-wire-examples.json",
        "hashed_secret": "40893becc44d084c2357cd95b7ccd8328c095cfb",
        "is_secret": false,
        "is_verified": false,
        "line_number": 329,
        "type": "Hex High Entropy String"
      },
      {
        "filename": "docs/execution/backend-next-wire-examples.json",
        "hashed_secret": "d16520cdb12e6837ed03bffc50e445405a17937f",
        "is_secret": false,
        "is_verified": false,
        "line_number": 330,
        "type": "Hex High Entropy String"
      },
      {
        "filename": "docs/execution/backend-next-wire-examples.json",
        "hashed_secret": "384de747144039dbb6186d0cc65683998b2c9317",
        "is_secret": false,
        "is_verified": false,
        "line_number": 339,
        "type": "Hex High Entropy String"
      },
      {
        "filename": "docs/execution/backend-next-wire-examples.json",
        "hashed_secret": "5d47c1fb81c3b083a5af2822ab635c894c5ff8c6",
        "is_secret": false,
        "is_verified": false,
        "line_number": 340,
        "type": "Hex High Entropy String"
      },
      {
        "filename": "docs/execution/backend-next-wire-examples.json",
        "hashed_secret": "1cda1bedcc2dc5a98ee85d0d0a9d04f17bd31446",
        "is_secret": false,
        "is_verified": false,
        "line_number": 341,
        "type": "Hex High Entropy String"
      },
      {
        "filename": "docs/execution/backend-next-wire-examples.json",
        "hashed_secret": "6bdf198cb88122da239cb30ed20ae87ccc038bf4",
        "is_secret": false,
        "is_verified": false,
        "line_number": 359,
        "type": "Hex High Entropy String"
      },
      {
        "filename": "docs/execution/backend-next-wire-examples.json",
        "hashed_secret": "7f0db44ca18db7861afa4030fa6eb7fdac943f3f",
        "is_secret": false,
        "is_verified": false,
        "line_number": 360,
        "type": "Hex High Entropy String"
      },
      {
        "filename": "docs/execution/backend-next-wire-examples.json",
        "hashed_secret": "100cdfbe64ea40bc92156ff960ecf22eb9689cf3",
        "is_secret": false,
        "is_verified": false,
        "line_number": 361,
        "type": "Hex High Entropy String"
      },
      {
        "filename": "docs/execution/backend-next-wire-examples.json",
        "hashed_secret": "0cf5680dde9f2894e01a7ae76d072129d41b02b0",
        "is_secret": false,
        "is_verified": false,
        "line_number": 370,
        "type": "Hex High Entropy String"
      },
      {
        "filename": "docs/execution/backend-next-wire-examples.json",
        "hashed_secret": "10303bb85c80fb4883ab3f55780bf3c6dbf7ed3b",
        "is_secret": false,
        "is_verified": false,
        "line_number": 371,
        "type": "Hex High Entropy String"
      },
      {
        "filename": "docs/execution/backend-next-wire-examples.json",
        "hashed_secret": "7fe876613bfd81d3794d9117ca3b405f4d49ef08",
        "is_secret": false,
        "is_verified": false,
        "line_number": 372,
        "type": "Hex High Entropy String"
      },
      {
        "filename": "docs/execution/backend-next-wire-examples.json",
        "hashed_secret": "304586c9345ba16ed6e32cbbd148ea0c16ccb973",
        "is_secret": false,
        "is_verified": false,
        "line_number": 396,
        "type": "Hex High Entropy String"
      },
      {
        "filename": "docs/execution/backend-next-wire-examples.json",
        "hashed_secret": "e9fc5d7bb28b11e19c7ef3f136f57cbf2ddadd2c",
        "is_secret": false,
        "is_verified": false,
        "line_number": 397,
        "type": "Hex High Entropy String"
      },
      {
        "filename": "docs/execution/backend-next-wire-examples.json",
        "hashed_secret": "62e89b05f051bc05f494a0d1f4c0ac9374c59e32",
        "is_secret": false,
        "is_verified": false,
        "line_number": 398,
        "type": "Hex High Entropy String"
      },
      {
        "filename": "docs/execution/backend-next-wire-examples.json",
        "hashed_secret": "8e8b71996eb0c6c51eb6ee7acceaf820b93d1d2d",
        "is_secret": false,
        "is_verified": false,
        "line_number": 422,
        "type": "Hex High Entropy String"
      },
      {
        "filename": "docs/execution/backend-next-wire-examples.json",
        "hashed_secret": "c50eb28008fab012b9947c3a2754a96e54980b22",
        "is_secret": false,
        "is_verified": false,
        "line_number": 423,
        "type": "Hex High Entropy String"
      },
      {
        "filename": "docs/execution/backend-next-wire-examples.json",
        "hashed_secret": "7e5695790a445c8395986c11fbbf270acb31ee4b",
        "is_secret": false,
        "is_verified": false,
        "line_number": 424,
        "type": "Hex High Entropy String"
      },
      {
        "filename": "docs/execution/backend-next-wire-examples.json",
        "hashed_secret": "0329a7e3e30423214c93498991e5ea2c3d92559d",
        "is_secret": false,
        "is_verified": false,
        "line_number": 430,
        "type": "Hex High Entropy String"
      },
      {
        "filename": "docs/execution/backend-next-wire-examples.json",
        "hashed_secret": "f2e4b5f7f5d9797c606de9ba944750ccf94ca92a",
        "is_secret": false,
        "is_verified": false,
        "line_number": 441,
        "type": "Hex High Entropy String"
      },
      {
        "filename": "docs/execution/backend-next-wire-examples.json",
        "hashed_secret": "20769d8c65ab1d83ca2b7f7fb964729da5f15a07",
        "is_secret": false,
        "is_verified": false,
        "line_number": 455,
        "type": "Hex High Entropy String"
      },
      {
        "filename": "docs/execution/backend-next-wire-examples.json",
        "hashed_secret": "f01f5dcffaefa3f0f108adf0ee63099a80400a5a",
        "is_secret": false,
        "is_verified": false,
        "line_number": 508,
        "type": "Hex High Entropy String"
      },
      {
        "filename": "docs/execution/backend-next-wire-examples.json",
        "hashed_secret": "6a2171d91dfc3160610fec5f94ba54e5d8b24074",
        "is_secret": false,
        "is_verified": false,
        "line_number": 533,
        "type": "Hex High Entropy String"
      },
      {
        "filename": "docs/execution/backend-next-wire-examples.json",
        "hashed_secret": "3dc48d712d8e8e621102333bf8ea537344fa67a8",
        "is_secret": false,
        "is_verified": false,
        "line_number": 619,
        "type": "Hex High Entropy String"
      },
      {
        "filename": "docs/execution/backend-next-wire-examples.json",
        "hashed_secret": "47d6a3e1c78597e61ceec425ddd034b9adbc31a6",
        "is_secret": false,
        "is_verified": false,
        "line_number": 620,
        "type": "Hex High Entropy String"
      },
      {
        "filename": "docs/execution/backend-next-wire-examples.json",
        "hashed_secret": "71c9f7ce47d2f72252ee65d656f0174f0e8611f6",
        "is_secret": false,
        "is_verified": false,
        "line_number": 624,
        "type": "Hex High Entropy String"
      },
      {
        "filename": "docs/execution/backend-next-wire-examples.json",
        "hashed_secret": "84e31796c6bc539817d49b39b57c0740be5b4a9f",
        "is_secret": false,
        "is_verified": false,
        "line_number": 720,
        "type": "Hex High Entropy String"
      },
      {
        "filename": "docs/execution/backend-next-wire-examples.json",
        "hashed_secret": "67c7b1031d13b7f0ce470f3eab78273703a79d3b",
        "is_secret": false,
        "is_verified": false,
        "line_number": 1091,
        "type": "Hex High Entropy String"
      },
      {
        "filename": "docs/execution/backend-next-wire-examples.json",
        "hashed_secret": "fd3e5fc163893c92a90082bbce262dd92162a964",
        "is_secret": false,
        "is_verified": false,
        "line_number": 2612,
        "type": "Hex High Entropy String"
      },
      {
        "filename": "docs/execution/backend-next-wire-examples.json",
        "hashed_secret": "b9d42c4be4e490bfe625b9d4fc6820dcbccd9be1",
        "is_secret": false,
        "is_verified": false,
        "line_number": 2645,
        "type": "Hex High Entropy String"
      },
      {
        "filename": "docs/execution/backend-next-wire-examples.json",
        "hashed_secret": "d0483bf42d50c594c7dd472a5bf2d142c7ad9d7b",
        "is_secret": false,
        "is_verified": false,
        "line_number": 2669,
        "type": "Hex High Entropy String"
      },
      {
        "filename": "docs/execution/backend-next-wire-examples.json",
        "hashed_secret": "e7c69c5783eb29b85b2139e90adbe5efd7598066",
        "is_secret": false,
        "is_verified": false,
        "line_number": 2735,
        "type": "Hex High Entropy String"
      },
      {
        "filename": "docs/execution/backend-next-wire-examples.json",
        "hashed_secret": "be5ae1940ba4818c53e2b7229150694224749e2d",
        "is_secret": false,
        "is_verified": false,
        "line_number": 2756,
        "type": "Hex High Entropy String"
      },
      {
        "filename": "docs/execution/backend-next-wire-examples.json",
        "hashed_secret": "45af41949dc354860e58b4b4404e608f503e655f",
        "is_secret": false,
        "is_verified": false,
        "line_number": 3033,
        "type": "Hex High Entropy String"
      },
      {
        "filename": "docs/execution/backend-next-wire-examples.json",
        "hashed_secret": "24495af02a3840092819597965941952ebfca0b8",
        "is_secret": false,
        "is_verified": false,
        "line_number": 3034,
        "type": "Hex High Entropy String"
      },
      {
        "filename": "docs/execution/backend-next-wire-examples.json",
        "hashed_secret": "81bd8ac18ca500f2b0d204afe987bc69fccaade4",
        "is_secret": false,
        "is_verified": false,
        "line_number": 3035,
        "type": "Hex High Entropy String"
      },
      {
        "filename": "docs/execution/backend-next-wire-examples.json",
        "hashed_secret": "4ef945f1a37649bc6d11eeb0ef1232d8b80843e1",
        "is_secret": false,
        "is_verified": false,
        "line_number": 3044,
        "type": "Hex High Entropy String"
      },
      {
        "filename": "docs/execution/backend-next-wire-examples.json",
        "hashed_secret": "06c098d4165314740a345fe3c6f8469cd959c081",
        "is_secret": false,
        "is_verified": false,
        "line_number": 3045,
        "type": "Hex High Entropy String"
      },
      {
        "filename": "docs/execution/backend-next-wire-examples.json",
        "hashed_secret": "4e79a8dff56236a1549c892541ae4cf6d40c80b5",
        "is_secret": false,
        "is_verified": false,
        "line_number": 3046,
        "type": "Hex High Entropy String"
      },
      {
        "filename": "docs/execution/backend-next-wire-examples.json",
        "hashed_secret": "a2835817a862ef1c97c8261399279c8d08d8279e",
        "is_secret": false,
        "is_verified": false,
        "line_number": 3055,
        "type": "Hex High Entropy String"
      },
      {
        "filename": "docs/execution/backend-next-wire-examples.json",
        "hashed_secret": "fb349205b7ed584ffd9502dceff935d307a8187d",
        "is_secret": false,
        "is_verified": false,
        "line_number": 3056,
        "type": "Hex High Entropy String"
      },
      {
        "filename": "docs/execution/backend-next-wire-examples.json",
        "hashed_secret": "9ad258f3dd8524554c95dbd5d80f3f3e180e595d",
        "is_secret": false,
        "is_verified": false,
        "line_number": 3057,
        "type": "Hex High Entropy String"
      },
      {
        "filename": "docs/execution/backend-next-wire-examples.json",
        "hashed_secret": "2fd7bf213ae8ff766d44a4398117c4510f229af2",
        "is_secret": false,
        "is_verified": false,
        "line_number": 3066,
        "type": "Hex High Entropy String"
      },
      {
        "filename": "docs/execution/backend-next-wire-examples.json",
        "hashed_secret": "af3865baf28b6ca661399c58f6803f76a5b8fa21",
        "is_secret": false,
        "is_verified": false,
        "line_number": 3067,
        "type": "Hex High Entropy String"
      },
      {
        "filename": "docs/execution/backend-next-wire-examples.json",
        "hashed_secret": "56c6c5c188d0928949eac330a018ba3866285ca9",
        "is_secret": false,
        "is_verified": false,
        "line_number": 3068,
        "type": "Hex High Entropy String"
      },
      {
        "filename": "docs/execution/backend-next-wire-examples.json",
        "hashed_secret": "3607e8be4646aef3389d85262e93a751854f5f9f",
        "is_secret": false,
        "is_verified": false,
        "line_number": 3077,
        "type": "Hex High Entropy String"
      },
      {
        "filename": "docs/execution/backend-next-wire-examples.json",
        "hashed_secret": "47fdfe5fa20ba31241e14114eba51b515ce1b1a3",
        "is_secret": false,
        "is_verified": false,
        "line_number": 3078,
        "type": "Hex High Entropy String"
      },
      {
        "filename": "docs/execution/backend-next-wire-examples.json",
        "hashed_secret": "c3e6f32866923cdf74da139e11e44d91b6814dd1",
        "is_secret": false,
        "is_verified": false,
        "line_number": 3079,
        "type": "Hex High Entropy String"
      },
      {
        "filename": "docs/execution/backend-next-wire-examples.json",
        "hashed_secret": "a9ca5a73f2d4e825b6c0000e1a6390ada23722cc",
        "is_secret": false,
        "is_verified": false,
        "line_number": 3088,
        "type": "Hex High Entropy String"
      },
      {
        "filename": "docs/execution/backend-next-wire-examples.json",
        "hashed_secret": "ee52805a63d29280149129ae1d4cee39286221d7",
        "is_secret": false,
        "is_verified": false,
        "line_number": 3089,
        "type": "Hex High Entropy String"
      },
      {
        "filename": "docs/execution/backend-next-wire-examples.json",
        "hashed_secret": "13648de84e3a01035fc75ab75746c7e865a98308",
        "is_secret": false,
        "is_verified": false,
        "line_number": 3090,
        "type": "Hex High Entropy String"
      },
      {
        "filename": "docs/execution/backend-next-wire-examples.json",
        "hashed_secret": "316e561e75bf970ba6da9f80bc9d754ac9a488a6",
        "is_secret": false,
        "is_verified": false,
        "line_number": 3099,
        "type": "Hex High Entropy String"
      },
      {
        "filename": "docs/execution/backend-next-wire-examples.json",
        "hashed_secret": "ee816001f8fc838400c5f42042e93aba05b511f0",
        "is_secret": false,
        "is_verified": false,
        "line_number": 3100,
        "type": "Hex High Entropy String"
      },
      {
        "filename": "docs/execution/backend-next-wire-examples.json",
        "hashed_secret": "13b1072bec466fd2bda6a67a086aef55f06b1c20",
        "is_secret": false,
        "is_verified": false,
        "line_number": 3101,
        "type": "Hex High Entropy String"
      },
      {
        "filename": "docs/execution/backend-next-wire-examples.json",
        "hashed_secret": "3f487b51c61a0dd9a1e6be12832f800fb1f1b08f",
        "is_secret": false,
        "is_verified": false,
        "line_number": 3150,
        "type": "Hex High Entropy String"
      },
      {
        "filename": "docs/execution/backend-next-wire-examples.json",
        "hashed_secret": "629a1fb622833c44ae49bf8131ed2703b46a0175",
        "is_secret": false,
        "is_verified": false,
        "line_number": 4785,
        "type": "Hex High Entropy String"
      },
      {
        "filename": "docs/execution/backend-next-wire-examples.json",
        "hashed_secret": "2c25cf66108c8211ed61cd900d2802802cf19e45",
        "is_secret": false,
        "is_verified": false,
        "line_number": 7037,
        "type": "Hex High Entropy String"
      },
      {
        "filename": "docs/execution/backend-next-wire-examples.json",
        "hashed_secret": "b5b2dfb86bb895c2f68fba9eb1202bca45cf225c",
        "is_secret": false,
        "is_verified": false,
        "line_number": 7506,
        "type": "Hex High Entropy String"
      },
      {
        "filename": "docs/execution/backend-next-wire-examples.json",
        "hashed_secret": "ad9bb49b9fed1cd222bc55faf241a29f08c663bd",
        "is_secret": false,
        "is_verified": false,
        "line_number": 7516,
        "type": "Hex High Entropy String"
      },
      {
        "filename": "docs/execution/backend-next-wire-examples.json",
        "hashed_secret": "9dca42fbdddca69f99739412b33431a937f1d886",
        "is_secret": false,
        "is_verified": false,
        "line_number": 7566,
        "type": "Hex High Entropy String"
      }
    ],
    "docs/execution/backend-wire-examples.json": [
      {
        "filename": "docs/execution/backend-wire-examples.json",
        "hashed_secret": "53a8bef7a937cd58fda091209828736fbcbe53db",
        "is_secret": false,
        "is_verified": false,
        "line_number": 23,
        "type": "Hex High Entropy String"
      },
      {
        "filename": "docs/execution/backend-wire-examples.json",
        "hashed_secret": "d42081658b4f80957d9839304377ae6c6fe9b79d",
        "is_secret": false,
        "is_verified": false,
        "line_number": 33,
        "type": "Hex High Entropy String"
      },
      {
        "filename": "docs/execution/backend-wire-examples.json",
        "hashed_secret": "04186bc9dec22daf9bd93a3b90fc7122f205186e",
        "is_secret": false,
        "is_verified": false,
        "line_number": 51,
        "type": "Hex High Entropy String"
      },
      {
        "filename": "docs/execution/backend-wire-examples.json",
        "hashed_secret": "9041cfb5f7a76627a52b9409966643be3a94f625",
        "is_secret": false,
        "is_verified": false,
        "line_number": 76,
        "type": "Hex High Entropy String"
      },
      {
        "filename": "docs/execution/backend-wire-examples.json",
        "hashed_secret": "c995f688c19eceb5b1a2515ad24d27643b68f62a",
        "is_secret": false,
        "is_verified": false,
        "line_number": 82,
        "type": "Hex High Entropy String"
      },
      {
        "filename": "docs/execution/backend-wire-examples.json",
        "hashed_secret": "0179c6f7bda4c091686442fa480ad234ff9dc978",
        "is_secret": false,
        "is_verified": false,
        "line_number": 88,
        "type": "Hex High Entropy String"
      },
      {
        "filename": "docs/execution/backend-wire-examples.json",
        "hashed_secret": "08289cfddd56359f4f16d643534e8ec301e74fca",
        "is_secret": false,
        "is_verified": false,
        "line_number": 94,
        "type": "Hex High Entropy String"
      },
      {
        "filename": "docs/execution/backend-wire-examples.json",
        "hashed_secret": "71c80df4ddb7181e61247ce04a5ac118cc53b53b",
        "is_secret": false,
        "is_verified": false,
        "line_number": 100,
        "type": "Hex High Entropy String"
      },
      {
        "filename": "docs/execution/backend-wire-examples.json",
        "hashed_secret": "8d83e572be4735775279619adb4f21acd9db1cf8",
        "is_secret": false,
        "is_verified": false,
        "line_number": 106,
        "type": "Hex High Entropy String"
      },
      {
        "filename": "docs/execution/backend-wire-examples.json",
        "hashed_secret": "b142e9e501aca9dce41c5a76b59e9b6324f83e1b",
        "is_secret": false,
        "is_verified": false,
        "line_number": 112,
        "type": "Hex High Entropy String"
      },
      {
        "filename": "docs/execution/backend-wire-examples.json",
        "hashed_secret": "44bce8f641ed915c873f67ced5c4f4870d69ae85",
        "is_secret": false,
        "is_verified": false,
        "line_number": 118,
        "type": "Hex High Entropy String"
      },
      {
        "filename": "docs/execution/backend-wire-examples.json",
        "hashed_secret": "102e31239125d933b54f39dfaf87942810a59644",
        "is_secret": false,
        "is_verified": false,
        "line_number": 124,
        "type": "Hex High Entropy String"
      },
      {
        "filename": "docs/execution/backend-wire-examples.json",
        "hashed_secret": "9cda389d2901eb760c32a96eae36dca14302aa14",
        "is_secret": false,
        "is_verified": false,
        "line_number": 130,
        "type": "Hex High Entropy String"
      },
      {
        "filename": "docs/execution/backend-wire-examples.json",
        "hashed_secret": "d60dc2e46eb49dac7c552c4446e0b9030df36366",
        "is_secret": false,
        "is_verified": false,
        "line_number": 136,
        "type": "Hex High Entropy String"
      },
      {
        "filename": "docs/execution/backend-wire-examples.json",
        "hashed_secret": "629db12a86438e6dc5758928bdbd693226c5127d",
        "is_secret": false,
        "is_verified": false,
        "line_number": 142,
        "type": "Hex High Entropy String"
      },
      {
        "filename": "docs/execution/backend-wire-examples.json",
        "hashed_secret": "20a5601ec404542c19ffc21733f0a166beeb48d3",
        "is_secret": false,
        "is_verified": false,
        "line_number": 148,
        "type": "Hex High Entropy String"
      },
      {
        "filename": "docs/execution/backend-wire-examples.json",
        "hashed_secret": "7a47720a32fca24e4885db23de3cf8dac937554a",
        "is_secret": false,
        "is_verified": false,
        "line_number": 154,
        "type": "Hex High Entropy String"
      },
      {
        "filename": "docs/execution/backend-wire-examples.json",
        "hashed_secret": "81bdf5805e17d88b741874362cd06499500b68be",
        "is_secret": false,
        "is_verified": false,
        "line_number": 160,
        "type": "Hex High Entropy String"
      },
      {
        "filename": "docs/execution/backend-wire-examples.json",
        "hashed_secret": "df11fd09e1fc1e4e422ea5f74f195b3011cf8508",
        "is_secret": false,
        "is_verified": false,
        "line_number": 166,
        "type": "Hex High Entropy String"
      },
      {
        "filename": "docs/execution/backend-wire-examples.json",
        "hashed_secret": "d0ec6ff2260944e24d8f33e7bab3e1b49f1bd1df",
        "is_secret": false,
        "is_verified": false,
        "line_number": 172,
        "type": "Hex High Entropy String"
      },
      {
        "filename": "docs/execution/backend-wire-examples.json",
        "hashed_secret": "b3caf1294b9ab554d613f623ff6d522f885f139d",
        "is_secret": false,
        "is_verified": false,
        "line_number": 178,
        "type": "Hex High Entropy String"
      },
      {
        "filename": "docs/execution/backend-wire-examples.json",
        "hashed_secret": "22b0a96e9bb70aa4e0d14e602c215d08349f9acc",
        "is_secret": false,
        "is_verified": false,
        "line_number": 184,
        "type": "Hex High Entropy String"
      },
      {
        "filename": "docs/execution/backend-wire-examples.json",
        "hashed_secret": "ad453ec2371583c87020739cd03ebdb30b82fe98",
        "is_secret": false,
        "is_verified": false,
        "line_number": 190,
        "type": "Hex High Entropy String"
      },
      {
        "filename": "docs/execution/backend-wire-examples.json",
        "hashed_secret": "cbd0dd275964559204b5bd61598868737bc7299a",
        "is_secret": false,
        "is_verified": false,
        "line_number": 196,
        "type": "Hex High Entropy String"
      },
      {
        "filename": "docs/execution/backend-wire-examples.json",
        "hashed_secret": "57a8499b28c1f20d21109c0f1914a9b669b0d531",
        "is_secret": false,
        "is_verified": false,
        "line_number": 202,
        "type": "Hex High Entropy String"
      },
      {
        "filename": "docs/execution/backend-wire-examples.json",
        "hashed_secret": "605f8461aca3f0d9273ce120a65679a9f81364e8",
        "is_secret": false,
        "is_verified": false,
        "line_number": 208,
        "type": "Hex High Entropy String"
      },
      {
        "filename": "docs/execution/backend-wire-examples.json",
        "hashed_secret": "fbd401168bfdea2c4317b1a6460ae18d13242dde",
        "is_secret": false,
        "is_verified": false,
        "line_number": 214,
        "type": "Hex High Entropy String"
      },
      {
        "filename": "docs/execution/backend-wire-examples.json",
        "hashed_secret": "57c250e6d2cd8acb97ca5c4686e4315fd1ecb695",
        "is_secret": false,
        "is_verified": false,
        "line_number": 220,
        "type": "Hex High Entropy String"
      },
      {
        "filename": "docs/execution/backend-wire-examples.json",
        "hashed_secret": "a67bbd556e9e34a7f0be20f469f6c33eb6447437",
        "is_secret": false,
        "is_verified": false,
        "line_number": 226,
        "type": "Hex High Entropy String"
      },
      {
        "filename": "docs/execution/backend-wire-examples.json",
        "hashed_secret": "62f0cf50c076370353acf2c03136349e489833cc",
        "is_secret": false,
        "is_verified": false,
        "line_number": 232,
        "type": "Hex High Entropy String"
      },
      {
        "filename": "docs/execution/backend-wire-examples.json",
        "hashed_secret": "94db1f7fa9321444315be23b2d336b6842a654a3",
        "is_secret": false,
        "is_verified": false,
        "line_number": 238,
        "type": "Hex High Entropy String"
      },
      {
        "filename": "docs/execution/backend-wire-examples.json",
        "hashed_secret": "9f59d5f77dd84a02fdcb139e21782c803b28027b",
        "is_secret": false,
        "is_verified": false,
        "line_number": 392,
        "type": "Hex High Entropy String"
      },
      {
        "filename": "docs/execution/backend-wire-examples.json",
        "hashed_secret": "67c7b1031d13b7f0ce470f3eab78273703a79d3b",
        "is_secret": false,
        "is_verified": false,
        "line_number": 762,
        "type": "Hex High Entropy String"
      }
    ]
  },
  "version": "1.5.0"
}
